[
    {
        "$id": "1",
        "id": 3,
        "browserName": "Safari",
        "newVersion": "8.0.7",
        "priorVersion": "8.0.5",
        "dateOfChange": "2015-11-06T00:00:00"
    },
    {
        "$id": "2",
        "id": 5,
        "browserName": "Safari",
        "newVersion": "8.0.5",
        "priorVersion": "8.0.2",
        "dateOfChange": "2015-04-05T00:00:00"
    },
    {
        "$id": "3",
        "id": 4,
        "browserName": "Chrome",
        "newVersion": "43.2",
        "priorVersion": "43.1",
        "dateOfChange": "2015-04-01T00:00:00"
    }
]